/Users/sohamghosh/Desktop/SIH26168-ML/.venv/lib/python3.9/site-packages/urllib3/__init__.py:35: NotOpenSSLWarning: urllib3 v2 only supports OpenSSL 1.1.1+, currently the 'ssl' module is compiled with 'LibreSSL 2.8.3'. See: https://github.com/urllib3/urllib3/issues/3020
  warnings.warn(
train: 100 files -> 71842 windows
val: 21 files -> 6126 windows
test: 23 files -> 18460 windows
evaluating 20 sampled test windows
[1/20] window 12623...
  downloading OSM graph for (52.4, -1.4) (attempt 1)...
  before 50.9% -> after 53.5% (match_rate 1.00)
[2/20] window 13781...
  downloading OSM graph for (52.4, -1.3) (attempt 1)...
  before 50.8% -> after 50.9% (match_rate 1.00)
[3/20] window 1326...
  downloading OSM graph for (52.4, -1.6) (attempt 1)...
  before 54.0% -> after 55.5% (match_rate 1.00)
[4/20] window 8484...
  downloading OSM graph for (52.4, -2.2) (attempt 1)...
  before 67.4% -> after 67.3% (match_rate 1.00)
[5/20] window 16753...
  downloading OSM graph for (52.4, -1.5) (attempt 1)...
  before 60.8% -> after 60.7% (match_rate 1.00)
[6/20] window 15922...
  before 56.1% -> after 56.1% (match_rate 0.00)
[7/20] window 13268...
  before 61.2% -> after 61.2% (match_rate 0.00)
[8/20] window 9938...
  downloading OSM graph for (52.2, -2.2) (attempt 1)...
  before 16.9% -> after 16.3% (match_rate 1.00)
[9/20] window 15617...
  before 63.2% -> after 63.2% (match_rate 0.00)
[10/20] window 11732...
  downloading OSM graph for (52.4, -1.2) (attempt 1)...
  before 77.0% -> after 76.6% (match_rate 1.00)
[11/20] window 7157...
  downloading OSM graph for (52.3, -1.8) (attempt 1)...
  before 79.8% -> after 79.8% (match_rate 1.00)
[12/20] window 16537...
  before 19.6% -> after 53.9% (match_rate 1.00)
[13/20] window 4563...
  downloading OSM graph for (52.1, -0.7) (attempt 1)...
  before 66.0% -> after 66.2% (match_rate 1.00)
[14/20] window 9235...
  downloading OSM graph for (52.3, -2.2) (attempt 1)...
  before 81.2% -> after 81.1% (match_rate 1.00)
[15/20] window 4579...
  downloading OSM graph for (52.0, -0.7) (attempt 1)...
  before 62.6% -> after 63.7% (match_rate 1.00)
[16/20] window 3107...
  downloading OSM graph for (53.3, -1.9) (attempt 1)...
  before 56.4% -> after 58.5% (match_rate 1.00)
[17/20] window 8208...
  before 77.3% -> after 77.3% (match_rate 0.00)
[18/20] window 17451...
  before 20.4% -> after 20.4% (match_rate 0.00)
[19/20] window 4815...
  before 77.0% -> after 77.0% (match_rate 0.00)
[20/20] window 10162...
  before 72.1% -> after 72.1% (match_rate 0.00)

windows evaluated: 20 | avg match rate: 0.65
BEFORE map-matching — mean drift: 58.54% | median: 61.91%
AFTER  map-matching — mean drift: 60.56% | median: 62.23%
relative improvement: -3.5%

[exited with code 0]
